// Jest Snapshot v1, https://goo.gl/fbAQLP

exports[`Icon component should match the snapshot 1`] = `
<a
  className="about-link"
  data-testid="icon-a-tag"
  href="www.resume.com"
  rel="noopener noreferrer"
  target="_blank"
>
  <img
    alt="Resume Icon"
    className="icon"
    src="../assets/cv.png"
  />
</a>
`;
