// Jest Snapshot v1, https://goo.gl/fbAQLP

exports[`NameBadge Component should match the snapshot 1`] = `
<Zoom>
  <article
    className="nameBadge-container"
  >
    <h1
      data-testid="page-title"
    >
      Welcome to _jevTheDev
    </h1>
    <p
      data-testid="page-text"
    >
      Hi, I'm Jev. I'm a Dev. This is my portfolio.
    </p>
  </article>
</Zoom>
`;
